// Jest Snapshot v1, https://goo.gl/fbAQLP

exports[`generates delimited file 1`] = `
"2018-10-16T18:12:53.381Z|Other|Oh, I know what that means. Ok
2018-10-16T18:06:50.175Z|Self|Maybe I translated wrong. Full message: \\"Its 3160 Lewis River Rd Woodland Wa 98674 for know it will be changing when the new houses and road goes in don't when that will happen.\\"
2018-10-16T18:06:27.186Z|Other|What do you mean not in the new place?
2018-10-16T18:05:57.344Z|Other|Jessica: 󰀀
2018-10-14T21:46:30.548Z|Self|You sent a video.
2018-10-16T17:53:18.807Z|Self|And he spelled \\"your\\" wrong
2018-10-13T21:12:46.225Z|Self|You: 󰀀
2018-10-16T17:53:02.725Z|Self|Scott says the address is still 3160 Lewis River Rd. Not in the new place yet.
2018-10-16T15:51:34.711Z|Other|Rough
2018-10-16T15:45:52.058Z|Self|Went to make latte for first time ever here and we're out of milk. What a dump.
2018-10-16T02:41:34.856Z|Other|Jessica: 󰀀
2018-10-16T02:41:16.405Z|Self|Was on perch a while
2018-10-16T02:41:08.688Z|Self|Mellow
2018-10-16T02:41:05.741Z|Self|Seems to be
2018-10-16T02:40:39.664Z|Other|She feeling okay?
2018-10-16T02:39:53.609Z|Self|Cats new hiding spot
2018-10-16T02:39:45.171Z|Self|You sent a photo.
2018-10-16T01:24:44.097Z|Other|So very sad
2018-10-16T01:22:48.444Z|Self|Felt so sad going in his room to turn off the light, looking around
2018-10-16T00:31:42.196Z|Self|You: 󰀀
2018-10-16T00:31:33.421Z|Other|Oh, I know it was 3160. I'll find out
2018-10-16T00:30:32.938Z|Self|Meant as more of a question :)
2018-10-16T00:29:29.629Z|Other|Thanks
2018-10-16T00:27:50.977Z|Self|3170 Lewis River Rd
Woodland, WA 98674
2018-10-16T00:27:49.514Z|Self|The address I have is
2018-10-15T22:48:19.846Z|Self|You: 󰀀
2018-10-15T22:47:12.522Z|Other|I'll be by to get Hunter around 5:30
2018-10-15T22:46:15.006Z|Self|Waiting in line for cat
2018-10-15T19:56:54.962Z|Self|yeah ...
2018-10-15T19:56:35.761Z|Other|no clue on the xbox, sold is probably a good bet. He can deal with Scott on that one
2018-10-15T19:54:26.739Z|Self|didn't see xbox anywhere. i guess he sold it? or I put it somewhere I totally forgot? but i don't think so. just had it in the office, locked.
2018-10-15T19:53:40.098Z|Self|checked his room. it seemed clean in the sense that there aren't clothes on the floor anymore.
2018-10-15T19:53:14.653Z|Other|If he's back by 4:30 and his room is clean and he's totally packed
2018-10-15T19:42:55.070Z|Self|Hunter wanting to go visit friends. I said to check with you.
2013-06-22T18:03:31.989Z|Self|This is my route
https://dl.dropboxusercontent.com/u/33199511/lava-mountain-loop.jpg
2013-06-11T04:27:23.625Z|Other|Good night, sweet dreams reality is obviously not your forte.
2013-06-10T14:03:18.841Z|Other|SPOILED monster.
2013-06-09T15:55:02.848Z|Other|That is hilarious, we are all laughing. Hitting the road now
2011-02-24T04:47:01.000Z|Other|Do you ever have those moments where somebody is so mind shatteringly selfish and horrible that it may take you a few days to even  put the right words together, because it is so unfathomable for most of the population to be that way?? Yet they think they are logical and normal?? Even though everybody around them has to put effort into tolerating being around them??? No matter what damage they cause in their wake they will NEVER change anything or say they are sorry???"
`;

exports[`serializes message 1`] = `"2014-06-12T06:00:00.000Z|Self|Lorem ipsum dolor sit amet, consectetur adipiscing elit, sed do eiusmod tempor incididunt ut labore et dolore magna aliqua. Ut enim ad minim veniam, quis nostrud exercitation ullamco laboris nisi ut aliquip ex ea commodo consequat. Duis aute irure dolor in reprehenderit in voluptate velit esse cillum dolore eu fugiat nulla pariatur. Excepteur sint occaecat cupidatat non proident, sunt in culpa qui officia deserunt mollit anim id est laborum."`;
